Program
  List
    FuncDecl
      IntType
      FuncIdDecl
      List
        Param
          IntType
          IdDecl
        Param
          IntType
          IdDecl
      Block
        List
          ReturnStmt
            IdUseExpr
    FuncDecl
      IntType
      FuncIdDecl
      List
      Block
        List
          DeclStmt
            IntType
            IdDecl
          DeclStmt
            IntType
            IdDecl
          IfStmt
            GT
              IdUseExpr
              IdUseExpr
            Block
              List
                ReturnStmt
                  IdUseExpr
            Opt
