Program
  List
    FuncDecl
      IdDecl
      Opt
      Block
        Opt
          List
            WhileStmt
              NE
                IdUseExpr
                IdUseExpr
              Block
                Opt
                  List
                    IfStmt
                      GT
                        IdUseExpr
                        IdUseExpr
                      Block
                        Opt
                          List
                            AssignStmt
                              IdUseExpr
                              Sub
                                IdUseExpr
                                IdUseExpr
                      Opt
                        Block
                          Opt
                            List
                              AssignStmt
                                IdUseExpr
                                Sub
                                  IdUseExpr
                                  IdUseExpr
            ReturnStmt
              IdUseExpr
    FuncDecl
      IdDecl
      Opt
        List
          IdDecl
          IdDecl
      Block
        Opt
    FuncDecl
      IdDecl
      Opt
        List
          IdDecl
          IdDecl
      Block
        Opt
          List
            DeclStmt
              IdDecl
            DeclStmt
              IdDecl
            AssignStmt
              IdUseExpr
              ReadFunc
            AssignStmt
              IdUseExpr
              ReadFunc
            PrintStmt
              FuncUseExpr
                IdUseExpr
                List
                  IdUseExpr
                  IdUseExpr
            PrintStmt
              FuncUseExpr
                IdUseExpr
                List
                  IdUseExpr
                  IdUseExpr
            ReturnStmt
              IntLiteral
