Program
  List
    FuncDecl
      IdDecl
      Opt
      Block
        Opt
          List
            AssignStmt
              IdUseExpr
              Sub
                Add
                  IdUseExpr
                  Mul
                    Mul
                      Mul
                        IdUseExpr
                        IntLiteral
                      IdUseExpr
                    IntLiteral
                IntLiteral
