Program
  List
    FuncDecl
      IdDecl
      List
      Block
        List
          WhileStmt
            NE
              IdUseExpr
              IdUseExpr
            Block
              List
                IfStmt
                  GT
                    IdUseExpr
                    IdUseExpr
                  Block
                    List
                      AssignStmt
                        IdUseExpr
                        Sub
                          IdUseExpr
                          IdUseExpr
                  Opt
                    Block
                      List
                        AssignStmt
                          IdUseExpr
                          Sub
                            IdUseExpr
                            IdUseExpr
          ReturnStmt
            IdUseExpr
    FuncDecl
      IdDecl
      List
        IdDecl
        IdDecl
      Block
        List
    FuncDecl
      IdDecl
      List
        IdDecl
        IdDecl
      Block
        List
          DeclStmt
            IdDecl
          DeclStmt
            IdDecl
          AssignStmt
            IdUseExpr
            ReadFunc
              Opt
          AssignStmt
            IdUseExpr
            ReadFunc
              Opt
          PrintStmt
            FuncUseExpr
              IdUseExpr
              List
                IdUseExpr
                IdUseExpr
          PrintStmt
            FuncUseExpr
              IdUseExpr
              List
                IdUseExpr
                IdUseExpr
          ReturnStmt
            IntLiteral
