Program
  List
    FuncDecl
      IdDecl
      List
        IdDecl
        IdDecl
      Block
        List
          ReturnStmt
            IdUseExpr
    FuncDecl
      IdDecl
      List
      Block
        List
          DeclStmt
            IdDecl
          DeclStmt
            IdDecl
          IfStmt
            GT
              IdUseExpr
              IdUseExpr
            Block
              List
                ReturnStmt
                  IdUseExpr
            Opt
