Program
  List
    FuncDecl
      IdDecl
      Opt
        List
          IdDecl
          IdDecl
      Block
        Opt
          List
            ReturnStmt
              IdUseExpr
    FuncDecl
      IdDecl
      Opt
      Block
        Opt
          List
            DeclStmt
              IdDecl
            DeclStmt
              IdDecl
            IfStmt
              GT
                IdUseExpr
                IdUseExpr
              Block
                Opt
                  List
                    ReturnStmt
                      IdUseExpr
              Opt